// Vitest Snapshot v1, https://vitest.dev/guide/snapshot.html

exports[`should render component and match snapshot 1`] = `
<section
  className="px-10 xl:px-28 mt-28 min-h-[20vh] pb-10 relative flex justify-center items-center flex-col gap-3
"
>
  <span
    className="w-10 h-[2px] bg-secondary"
  />
  <h6
    className="text-secondary"
  >
    See tips and trick from our partnership
  </h6>
  <h2
    className="text-blue-950 font-semibold text-4xl text-center w-full xl:w-1/3"
  >
    Find out more about selling and buying homes
  </h2>
  <button
    className="text-white mt-6 text-[10px] xl:text-base items-center  mr-1 px-4 py-2 xl:px-5 xl:py-3 rounded-3xl bg-primary font-semibold flex justify-center gap-2"
  >
    More Article
  </button>
  <div
    className="pt-8 w-full flex flex-col xl:grid grid-flow-col grid-rows-3 gap-7"
  >
    <div
      className="flex flex-col sm:flex-row gap-10 items-center"
    >
      <img
        alt="arcticle"
        className="w-full h-full sm:w-[12.5rem] sm:h-[9rem] object-cover rounded-2xl"
        src="/src/assets/article-1.png"
      />
      <div
        className="flex flex-col gap-5"
      >
        <span
          className="flex gap-3 items-center text-gray-500"
        >
           
          <img
            alt="person"
            className="w-8 h-8 object-contain"
            src="/src/assets/person1.png"
          />
           
          Dianne Russell
        </span>
        <h2
          className="text-blue-950 text-lg font-medium w-[90%]"
        >
          The things we need to check when we want to buy a house
        </h2>
        <div
          className="flex gap-4 text-gray-500"
        >
          <img
            alt=""
            src="/src/assets/icons/clock.svg"
          />
           
          4 min read | 25 Apr 2021
        </div>
      </div>
    </div>
    <div
      className="flex flex-col sm:flex-row gap-10 items-center"
    >
      <img
        alt="arcticle"
        className="w-full h-full sm:w-[12.5rem] sm:h-[9rem] object-cover rounded-2xl"
        src="/src/assets/article-2.png"
      />
      <div
        className="flex flex-col gap-5"
      >
        <span
          className="flex gap-3 items-center text-gray-500"
        >
           
          <img
            alt="person"
            className="w-8 h-8 object-contain"
            src="/src/assets/person2.png"
          />
           
          Courtney Henry
        </span>
        <h2
          className="text-blue-950 text-lg font-medium w-[90%]"
        >
          7 Ways to distinguish the quality of the house we want to buy
        </h2>
        <div
          className="flex gap-4 text-gray-500"
        >
          <img
            alt=""
            src="/src/assets/icons/clock.svg"
          />
           
          6 min read | 24 Apr 2021
        </div>
      </div>
    </div>
    <div
      className="flex flex-col sm:flex-row gap-10 items-center"
    >
      <img
        alt="arcticle"
        className="w-full h-full sm:w-[12.5rem] sm:h-[9rem] object-cover rounded-2xl"
        src="/src/assets/article-3.png"
      />
      <div
        className="flex flex-col gap-5"
      >
        <span
          className="flex gap-3 items-center text-gray-500"
        >
           
          <img
            alt="person"
            className="w-8 h-8 object-contain"
            src="/src/assets/person4.png"
          />
           
          Darlene Robertson
        </span>
        <h2
          className="text-blue-950 text-lg font-medium w-[90%]"
        >
          The best way to know the quality of the house we want to buy
        </h2>
        <div
          className="flex gap-4 text-gray-500"
        >
          <img
            alt=""
            src="/src/assets/icons/clock.svg"
          />
           
          2 min read | 26 Apr 2021
        </div>
      </div>
    </div>
    <div
      className="row-span-3 flex flex-col gap-6"
    >
      <img
        alt="article"
        className="rounded-2xl"
        src="/src/assets/review2.png"
      />
      <span
        className="flex gap-3 items-center text-gray-500"
      >
         
        <img
          alt="person"
          className="w-8 h-8 object-contain"
          src="/src/assets/person3.png"
        />
         
        Cameron Williamson
      </span>
      <h2
        className="text-blue-950 font-medium text-2xl w-[90%]"
      >
         
        12 Things to know before buying a house
      </h2>
      <p
        className="text-gray-500"
      >
        Want to buy a house but are unsure about what we should know, here I will try to explain what we should know and check when we want to buy a house
      </p>
      <div
        className="flex gap-4 text-gray-500"
      >
        <img
          alt=""
          src="/src/assets/icons/clock.svg"
        />
         
        9 min read | 24 Apr 2021
      </div>
    </div>
  </div>
</section>
`;
